chmod 755 make-ca
install -vdm755 /usr/sbin
if test -x /usr/sbin/systemctl -o -x /usr/bin/systemctl; then \
    if test -d /usr/lib/systemd/system; then \
        install -vdm755 /usr/lib/systemd/system; \
        install -vm644  systemd/* /usr/lib/systemd/system; \
    elif test -d /lib/systemd/system; then \
        install -vdm755 /lib/systemd/system; \
        install -vm644  systemd/* /lib/systemd/system; \
    fi; \
fi
install -vdm755 /etc/make-ca
install -vdm755 /etc/make-ca
install -vm755  make-ca /usr/sbin
install -vdm755 /etc/make-ca
install -vm644 make-ca.conf.dist /etc/make-ca
install -vm644  CS.txt /etc/make-ca
chmod 755 help2man
install -vm644 mozilla-ca-root.pem /etc/make-ca
LC_ALL=C ./help2man -s 8 -N ./make-ca -i include.h2m -o make-ca.8
'/usr/sbin/make-ca' を削除しました
'make-ca' -> '/usr/sbin/make-ca'
'/etc/make-ca/make-ca.conf.dist' を削除しました
'make-ca.conf.dist' -> '/etc/make-ca/make-ca.conf.dist'
'/etc/make-ca/CS.txt' を削除しました
'CS.txt' -> '/etc/make-ca/CS.txt'
install -vdm755 /usr/libexec/make-ca
'/etc/make-ca/mozilla-ca-root.pem' を削除しました
'mozilla-ca-root.pem' -> '/etc/make-ca/mozilla-ca-root.pem'
install -vm700  copy-trust-modifications /usr/libexec/make-ca
'/usr/lib/systemd/system/update-pki.service' を削除しました
'systemd/update-pki.service' -> '/usr/lib/systemd/system/update-pki.service'
'/usr/lib/systemd/system/update-pki.timer' を削除しました
'systemd/update-pki.timer' -> '/usr/lib/systemd/system/update-pki.timer'
'/usr/libexec/make-ca/copy-trust-modifications' を削除しました
'copy-trust-modifications' -> '/usr/libexec/make-ca/copy-trust-modifications'
install -vdm755 /usr/share/man/man8
install -vm644 make-ca.8 /usr/share/man/man8
'/usr/share/man/man8/make-ca.8' を削除しました
'make-ca.8' -> '/usr/share/man/man8/make-ca.8'
WARNING! /etc/ssl/certdata.txt has no 'Revision' value.
Will run conversion unconditionally.
Certificate:  GTS Root R1
Keyhash:      1001acf7
Added to p11-kit anchor directory with trust 'C,,'.


Certificate:  Entrust Root Certification Authority - G2
Keyhash:      02265526
Added to p11-kit anchor directory with trust ',C,'.


Certificate:  DigiCert High Assurance EV Root CA
Keyhash:      244b5494
Added to p11-kit anchor directory with trust ',C,'.


Certificate:  SSL.com TLS ECC Root CA 2022
Keyhash:      865fbdf9
Added to p11-kit anchor directory with trust 'C,,'.


Certificate:  GlobalSign ECC Root CA - R4
Keyhash:      b0e59380
Added to p11-kit anchor directory with trust 'C,,'.


Certificate:  emSign Root CA - G1
Keyhash:      2923b3f9
Added to p11-kit anchor directory with trust 'C,C,'.


Certificate:  Certainly Root E1
Keyhash:      8508e720
Added to p11-kit anchor directory with trust 'C,,'.


Certificate:  HARICA TLS ECC Root CA 2021
Keyhash:      ecccd8db
Added to p11-kit anchor directory with trust 'C,,'.


Certificate:  SwissSign RSA SMIME Root CA 2022 - 1
Keyhash:      2d803388
Added to p11-kit anchor directory with trust ',C,'.


Certificate:  GlobalSign Root CA
Keyhash:      5ad8a5d6
Added to p11-kit anchor directory with trust ',C,'.


Certificate:  Certum Root CA
Keyhash:      442adcac
Added to p11-kit anchor directory with trust ',C,'.


Certificate:  Entrust.net Premium 2048 Secure Server CA
Keyhash:      aee5f10d
Added to p11-kit anchor directory with trust ',C,'.


Certificate:  certSIGN Root CA G2
Keyhash:      5f618aec
Added to p11-kit anchor directory with trust 'C,,'.


Certificate:  SwissSign Gold CA - G2
Keyhash:      4f316efb
Added to p11-kit anchor directory with trust ',C,'.


Certificate:  COMODO RSA Certification Authority
Keyhash:      d6325660
Added to p11-kit anchor directory with trust 'C,C,'.


Certificate:  TWCA Global Root CA G2
Keyhash:      c9e4c02b
Added to p11-kit anchor directory with trust ',C,'.


Certificate:  TrustAsia SMIME RSA Root CA
Keyhash:      3323bb7e
Added to p11-kit anchor directory with trust ',C,'.


Certificate:  Security Communication ECC RootCA1
Keyhash:      5860aaa6
Added to p11-kit anchor directory with trust 'C,,'.


Certificate:  USERTrust RSA Certification Authority
Keyhash:      fc5a8f99
Added to p11-kit anchor directory with trust 'C,C,'.


Certificate:  e-Szigno Root CA 2017
Keyhash:      e868b802
Added to p11-kit anchor directory with trust 'C,C,'.


Certificate:  OISTE WISeKey Global Root GB CA
Keyhash:      e73d606e
Added to p11-kit anchor directory with trust 'C,C,'.


Certificate:  D-TRUST EV Root CA 1 2020
Keyhash:      5931b5bc
Added to p11-kit anchor directory with trust 'C,,'.


Certificate:  GlobalSign Root R46
Keyhash:      002c0b4f
Added to p11-kit anchor directory with trust 'C,,'.


Certificate:  QuoVadis Root CA 2
Keyhash:      d7e8dc79
Added to p11-kit anchor directory with trust ',C,'.


Certificate:  Certum Trusted Network CA
Keyhash:      48bec511
Added to p11-kit anchor directory with trust 'C,C,'.


Certificate:  AC RAIZ FNMT-RCM SERVIDORES SEGUROS
Keyhash:      b81b93f0
Added to p11-kit anchor directory with trust 'C,,'.


Certificate:  GTS Root R3
Keyhash:      0a775a30
Added to p11-kit anchor directory with trust 'C,,'.


Certificate:  DigiCert Global Root G2
Keyhash:      607986c7
Added to p11-kit anchor directory with trust 'C,C,'.


Certificate:  Amazon Root CA 1
Keyhash:      ce5e74ef
Added to p11-kit anchor directory with trust 'C,,'.


Certificate:  Microsec e-Szigno Root CA 2009
Keyhash:      8160b96c
Added to p11-kit anchor directory with trust 'C,C,'.


Certificate:  Amazon Root CA 4
Keyhash:      de6d66f3
Added to p11-kit anchor directory with trust 'C,,'.


Certificate:  TrustAsia TLS ECC Root CA
Keyhash:      2ccbdda3
Added to p11-kit anchor directory with trust 'C,,'.


Certificate:  OISTE Server Root ECC G1
Keyhash:      6805c744
Added to p11-kit anchor directory with trust 'C,,'.


Certificate:  Certum Trusted Root CA
Keyhash:      e35234b1
Added to p11-kit anchor directory with trust 'C,C,'.


Certificate:  SSL.com Client ECC Root CA 2022
Keyhash:      cbd811bd
Added to p11-kit anchor directory with trust ',C,'.


Certificate:  CA Disig Root R2
Keyhash:      2ae6433e
Added to p11-kit anchor directory with trust 'C,C,'.


Certificate:  TUBITAK Kamu SM SSL Kok Sertifikasi - Surum 1
Keyhash:      ff34af3f
Added to p11-kit anchor directory with trust 'C,,'.


Certificate:  T-TeleSec GlobalRoot Class 3
Keyhash:      5443e9e3
Added to p11-kit anchor directory with trust 'C,,'.


Certificate:  D-TRUST Root Class 3 CA 2 2009
Keyhash:      c28a8a30
Added to p11-kit anchor directory with trust 'C,,'.


Certificate:  TunTrust Root CA
Keyhash:      fd64f3fc
Added to p11-kit anchor directory with trust 'C,,'.


Certificate:  SSL.com Client RSA Root CA 2022
Keyhash:      7ffa47b4
Added to p11-kit anchor directory with trust ',C,'.


Certificate:  SecureSign Root CA12
Keyhash:      616816f6
Added to p11-kit anchor directory with trust 'C,,'.


Certificate:  vTrus Root CA
Keyhash:      7a3adc42
Added to p11-kit anchor directory with trust 'C,,'.


Certificate:  GlobalSign Root CA - R3
Keyhash:      062cdee6
Added to p11-kit anchor directory with trust 'C,C,'.


Certificate:  Atos TrustedRoot 2011
Keyhash:      e36a6752
Added to p11-kit anchor directory with trust 'C,C,'.


Certificate:  Sectigo Public Email Protection Root R46
Keyhash:      5c79eb85
Added to p11-kit anchor directory with trust ',C,'.


Certificate:  D-TRUST BR Root CA 2 2023
Keyhash:      ffdd40f9
Added to p11-kit anchor directory with trust 'C,,'.


Certificate:  Comodo AAA Services root
Keyhash:      ee64a828
Added to p11-kit anchor directory with trust ',C,'.


Certificate:  TrustAsia SMIME ECC Root CA
Keyhash:      fd2eb50d
Added to p11-kit anchor directory with trust ',C,'.


Certificate:  Actalis Authentication Root CA
Keyhash:      930ac5d2
Added to p11-kit anchor directory with trust 'C,C,'.


Certificate:  Certigna
Keyhash:      e113c810
Added to p11-kit anchor directory with trust ',C,'.


Certificate:  DigiCert Assured ID Root G2
Keyhash:      9d04f354
Added to p11-kit anchor directory with trust 'C,C,'.


Certificate:  IdenTrust Commercial Root CA 1
Keyhash:      ef954a4e
Added to p11-kit anchor directory with trust 'C,C,'.


Certificate:  QuoVadis Root CA 2 G3
Keyhash:      064e0aa9
Added to p11-kit anchor directory with trust 'C,,'.


Certificate:  SSL.com EV Root Certification Authority RSA R2
Keyhash:      06dc52d5
Added to p11-kit anchor directory with trust 'C,,'.


Certificate:  Certum Trusted Network CA 2
Keyhash:      40193066
Added to p11-kit anchor directory with trust 'C,C,'.


Certificate:  ISRG Root X1
Keyhash:      4042bcee
Added to p11-kit anchor directory with trust 'C,,'.


Certificate:  USERTrust ECC Certification Authority
Keyhash:      f30dd6ad
Added to p11-kit anchor directory with trust 'C,C,'.


Certificate:  Atos TrustedRoot Root CA RSA TLS 2021
Keyhash:      9b46e03d
Added to p11-kit anchor directory with trust 'C,,'.


Certificate:  Autoridad de Certificacion Firmaprofesional CIF A62634068
Keyhash:      3bde41ac
Added to p11-kit anchor directory with trust 'C,,'.


Certificate:  SecureSign Root CA14
Keyhash:      878d9bca
Added to p11-kit anchor directory with trust 'C,,'.


Certificate:  SSL.com Root Certification Authority RSA
Keyhash:      6fa5da56
Added to p11-kit anchor directory with trust 'C,C,'.


Certificate:  SecureSign Root CA15
Keyhash:      6a9bdba3
Added to p11-kit anchor directory with trust 'C,,'.


Certificate:  HiPKI Root CA - G1
Keyhash:      90c5a3c8
Added to p11-kit anchor directory with trust 'C,,'.


Certificate:  DigiCert Global Root CA
Keyhash:      3513523f
Added to p11-kit anchor directory with trust ',C,'.


Certificate:  HARICA Client RSA Root CA 2021
Keyhash:      4632c230
Added to p11-kit anchor directory with trust ',C,'.


Certificate:  HARICA TLS RSA Root CA 2021
Keyhash:      9f727ac7
Added to p11-kit anchor directory with trust 'C,,'.


Certificate:  DigiCert TLS RSA4096 Root G5
Keyhash:      d52c538d
Added to p11-kit anchor directory with trust 'C,,'.


Certificate:  Buypass Class 2 Root CA
Keyhash:      54657681
Added to p11-kit anchor directory with trust 'C,,'.


Certificate:  DIGITALSIGN GLOBAL ROOT ECDSA CA
Keyhash:      1422d63c
Added to p11-kit anchor directory with trust ',C,'.


Certificate:  GTS Root R4
Keyhash:      a3418fda
Added to p11-kit anchor directory with trust 'C,,'.


Certificate:  BJCA Global Root CA1
Keyhash:      0179095f
Added to p11-kit anchor directory with trust 'C,,'.


Certificate:  Atos TrustedRoot Root CA RSA G2 2020
Keyhash:      896c8bb4
Added to p11-kit anchor directory with trust ',C,'.


Certificate:  ANF Secure Server Root CA
Keyhash:      b433981b
Added to p11-kit anchor directory with trust 'C,,'.


Certificate:  TWCA CYBER Root CA
Keyhash:      b8d25de6
Added to p11-kit anchor directory with trust 'C,,'.


Certificate:  Starfield Root Certificate Authority - G2
Keyhash:      4bfab552
Added to p11-kit anchor directory with trust 'C,,'.


Certificate:  QuoVadis Root CA 3 G3
Keyhash:      e18bfb83
Added to p11-kit anchor directory with trust 'C,C,'.


Certificate:  Certainly Root R1
Keyhash:      7a780d93
Added to p11-kit anchor directory with trust 'C,,'.


Certificate:  Microsoft ECC Root Certificate Authority 2017
Keyhash:      8d89cda1
Added to p11-kit anchor directory with trust 'C,,'.


Certificate:  emSign Root CA - C1
Keyhash:      406c9bb1
Added to p11-kit anchor directory with trust 'C,C,'.


Certificate:  D-TRUST BR Root CA 1 2020
Keyhash:      9ef4a08a
Added to p11-kit anchor directory with trust 'C,,'.


Certificate:  OISTE WISeKey Global Root GC CA
Keyhash:      773e07ad
Added to p11-kit anchor directory with trust 'C,,'.


Certificate:  D-Trust SBR Root CA 1 2022
Keyhash:      f2d4863f
Added to p11-kit anchor directory with trust ',C,'.


Certificate:  Atos TrustedRoot Root CA ECC TLS 2021
Keyhash:      fb717492
Added to p11-kit anchor directory with trust 'C,,'.


Certificate:  OISTE Client Root ECC G1
Keyhash:      e1e8b7dc
Added to p11-kit anchor directory with trust ',C,'.


Certificate:  GlobalSign Secure Mail Root E45
Keyhash:      1766e401
Added to p11-kit anchor directory with trust ',C,'.


Certificate:  Hongkong Post Root CA 3
Keyhash:      68dd7389
Added to p11-kit anchor directory with trust 'C,,'.


Certificate:  TrustAsia Global Root CA G3
Keyhash:      9bf03295
Added to p11-kit anchor directory with trust 'C,C,'.


Certificate:  Microsoft RSA Root Certificate Authority 2017
Keyhash:      bf53fb88
Added to p11-kit anchor directory with trust 'C,,'.


Certificate:  Telekom Security SMIME ECC Root 2021
Keyhash:      69cf9657
Added to p11-kit anchor directory with trust ',C,'.


Certificate:  NetLock Arany (Class Gold) Főtanúsítvány
Keyhash:      988a38cb
Added to p11-kit anchor directory with trust 'C,C,'.


Certificate:  DigiCert Trusted Root G4
Keyhash:      75d1b2ed
Added to p11-kit anchor directory with trust 'C,C,'.


Certificate:  SSL.com TLS RSA Root CA 2022
Keyhash:      a89d74c2
Added to p11-kit anchor directory with trust 'C,,'.


Certificate:  Certigna Root CA
Keyhash:      f51bb24c
Added to p11-kit anchor directory with trust 'C,C,'.


Certificate:  vTrus ECC Root CA
Keyhash:      ed858448
Added to p11-kit anchor directory with trust 'C,,'.


Certificate:  AC RAIZ FNMT-RCM
Keyhash:      cd8c0d63
Added to p11-kit anchor directory with trust 'C,,'.


Certificate:  Staat der Nederlanden Root CA - G3
Keyhash:      5a4d6896
Added to p11-kit anchor directory with trust ',C,'.


Certificate:  DigiCert SMIME RSA4096 Root G5
Keyhash:      779a714a
Added to p11-kit anchor directory with trust ',C,'.


Certificate:  D-Trust SBR Root CA 2 2022
Keyhash:      d2be6420
Added to p11-kit anchor directory with trust ',C,'.


Certificate:  COMODO Certification Authority
Keyhash:      40547a79
Added to p11-kit anchor directory with trust ',C,'.


Certificate:  HARICA Client ECC Root CA 2021
Keyhash:      2dab9e33
Added to p11-kit anchor directory with trust ',C,'.


Certificate:  Certum EC-384 CA
Keyhash:      9482e63a
Added to p11-kit anchor directory with trust 'C,C,'.


Certificate:  LAWtrust Root CA2 (4096)
Keyhash:      f84fab51
Added to p11-kit anchor directory with trust ',C,'.


Certificate:  ePKI Root Certification Authority
Keyhash:      ca6e4ad9
Added to p11-kit anchor directory with trust 'C,C,'.


Certificate:  SSL.com EV Root Certification Authority ECC
Keyhash:      f0c70a8d
Added to p11-kit anchor directory with trust 'C,,'.


Certificate:  UCA Global G2 Root
Keyhash:      c01eb047
Added to p11-kit anchor directory with trust 'C,C,'.


Certificate:  Telekom Security SMIME RSA Root 2023
Keyhash:      ade2cc8c
Added to p11-kit anchor directory with trust ',C,'.


Certificate:  Telekom Security TLS RSA Root 2023
Keyhash:      7fa05551
Added to p11-kit anchor directory with trust 'C,,'.


Certificate:  e-Szigno TLS Root CA 2023
Keyhash:      f44703f1
Added to p11-kit anchor directory with trust 'C,,'.


Certificate:  COMODO ECC Certification Authority
Keyhash:      eed8c118
Added to p11-kit anchor directory with trust 'C,C,'.


Certificate:  TrustAsia Global Root CA G4
Keyhash:      1cef98f5
Added to p11-kit anchor directory with trust 'C,C,'.


Certificate:  GlobalSign Root CA - R6
Keyhash:      dc4d6a89
Added to p11-kit anchor directory with trust 'C,C,'.


Certificate:  GTS Root R2
Keyhash:      626dceaf
Added to p11-kit anchor directory with trust ',C,'.


Certificate:  OISTE Server Root RSA G1
Keyhash:      30e1580d
Added to p11-kit anchor directory with trust 'C,,'.


Certificate:  QuoVadis Root CA 3
Keyhash:      76faf6c0
Added to p11-kit anchor directory with trust ',C,'.


Certificate:  QuoVadis Root CA 1 G3
Keyhash:      749e9e03
Added to p11-kit anchor directory with trust 'C,C,'.


Certificate:  Amazon Root CA 3
Keyhash:      8cb5ee0f
Added to p11-kit anchor directory with trust 'C,,'.


Certificate:  emSign ECC Root CA - C3
Keyhash:      4b718d9b
Added to p11-kit anchor directory with trust 'C,C,'.


Certificate:  emSign ECC Root CA - G3
Keyhash:      14bc7599
Added to p11-kit anchor directory with trust 'C,C,'.


Certificate:  Sectigo Public Server Authentication Root E46
Keyhash:      da0cfd1d
Added to p11-kit anchor directory with trust 'C,,'.


Certificate:  DIGITALSIGN GLOBAL ROOT RSA CA
Keyhash:      19dbc0dd
Added to p11-kit anchor directory with trust ',C,'.


Certificate:  TWCA Global Root CA
Keyhash:      5f15c80c
Added to p11-kit anchor directory with trust 'C,C,'.


Certificate:  UCA Extended Validation Root
Keyhash:      0f5dc4f3
Added to p11-kit anchor directory with trust 'C,,'.


Certificate:  Sectigo Public Server Authentication Root R46
Keyhash:      9046744a
Added to p11-kit anchor directory with trust 'C,,'.


Certificate:  OISTE WISeKey Global Root GA CA
Keyhash:      b1b8a7f3
Added to p11-kit anchor directory with trust ',C,'.


Certificate:  GDCA TrustAUTH R5 ROOT
Keyhash:      0f6fa695
Added to p11-kit anchor directory with trust 'C,,'.


Certificate:  CFCA EV ROOT
Keyhash:      0b1b94ef
Added to p11-kit anchor directory with trust 'C,,'.


Certificate:  Entrust Root Certification Authority - EC1
Keyhash:      106f3e4d
Added to p11-kit anchor directory with trust ',C,'.


Certificate:  Amazon Root CA 2
Keyhash:      6d41d539
Added to p11-kit anchor directory with trust 'C,,'.


Certificate:  Izenpe.com
Keyhash:      cc450945
Added to p11-kit anchor directory with trust 'C,,'.


Certificate:  Entrust Root Certification Authority
Keyhash:      6b99d060
Added to p11-kit anchor directory with trust 'C,,'.


Certificate:  Telekom Security TLS ECC Root 2020
Keyhash:      ddcda989
Added to p11-kit anchor directory with trust 'C,,'.


Certificate:  DigiCert Assured ID Root CA
Keyhash:      b1159c4c
Added to p11-kit anchor directory with trust ',C,'.


Certificate:  Go Daddy Root Certificate Authority - G2
Keyhash:      cbf06781
Added to p11-kit anchor directory with trust 'C,,'.


Certificate:  Entrust Root Certification Authority - G4
Keyhash:      5e98733a
Added to p11-kit anchor directory with trust ',C,'.


Certificate:  Starfield Services Root Certificate Authority - G2
Keyhash:      09789157
Added to p11-kit anchor directory with trust 'C,,'.


Certificate:  TrustAsia TLS RSA Root CA
Keyhash:      b0d5255e
Added to p11-kit anchor directory with trust 'C,,'.


Certificate:  Sectigo Public Email Protection Root E46
Keyhash:      4c3cbf99
Added to p11-kit anchor directory with trust ',C,'.


Certificate:  NAVER Global Root Certification Authority
Keyhash:      3fb36b73
Added to p11-kit anchor directory with trust 'C,,'.


Certificate:  Starfield Class 2 CA
Keyhash:      f387163d
Added to p11-kit anchor directory with trust ',,'.


Certificate:  DigiCert Global Root G3
Keyhash:      dd8e9d41
Added to p11-kit anchor directory with trust 'C,C,'.


Certificate:  ISRG Root X2
Keyhash:      0b9bc432
Added to p11-kit anchor directory with trust 'C,,'.


Certificate:  Telia Root CA v2
Keyhash:      8f103249
Added to p11-kit anchor directory with trust 'C,C,'.


Certificate:  D-TRUST EV Root CA 2 2023
Keyhash:      a09a51ae
Added to p11-kit anchor directory with trust 'C,,'.


Certificate:  GlobalSign ECC Root CA - R5
Keyhash:      1d3472b9
Added to p11-kit anchor directory with trust 'C,C,'.


Certificate:  SwissSign RSA TLS Root CA 2022 - 1
Keyhash:      9e654b62
Added to p11-kit anchor directory with trust 'C,,'.


Certificate:  SSL.com Root Certification Authority ECC
Keyhash:      0bf05006
Added to p11-kit anchor directory with trust 'C,C,'.


Certificate:  DigiCert SMIME ECC P384 Root G5
Keyhash:      e53e0c3b
Added to p11-kit anchor directory with trust ',C,'.


Certificate:  GlobalSign Root E46
Keyhash:      feffd413
Added to p11-kit anchor directory with trust 'C,,'.


Certificate:  DigiCert TLS ECC P384 Root G5
Keyhash:      9846683b
Added to p11-kit anchor directory with trust 'C,,'.


Certificate:  T-TeleSec GlobalRoot Class 2
Keyhash:      1e09d511
Added to p11-kit anchor directory with trust 'C,C,'.


Certificate:  BJCA Global Root CA2
Keyhash:      3e359ba6
Added to p11-kit anchor directory with trust 'C,,'.


Certificate:  DigiCert Assured ID Root G3
Keyhash:      7f3d5d1d
Added to p11-kit anchor directory with trust 'C,C,'.


Certificate:  Atos TrustedRoot Root CA ECC G2 2020
Keyhash:      3136ea36
Added to p11-kit anchor directory with trust ',C,'.


Certificate:  OISTE Client Root RSA G1
Keyhash:      981901c3
Added to p11-kit anchor directory with trust ',C,'.


Certificate:  D-TRUST Root CA 3 2013
Keyhash:      0b7c536a
Added to p11-kit anchor directory with trust ',C,'.


Certificate:  TWCA Root Certification Authority
Keyhash:      b7a5b843
Added to p11-kit anchor directory with trust 'C,C,'.


Certificate:  SZAFIR ROOT CA2
Keyhash:      fe8a2cd8
Added to p11-kit anchor directory with trust 'C,C,'.


Certificate:  Go Daddy Class 2 CA
Keyhash:      f081611a
Added to p11-kit anchor directory with trust ',,'.


Certificate:  D-TRUST Root Class 3 CA 2 EV 2009
Keyhash:      d4dae3dd
Added to p11-kit anchor directory with trust 'C,,'.


Certificate:  IdenTrust Public Sector Root CA 1
Keyhash:      1e08bfd1
Added to p11-kit anchor directory with trust 'C,C,'.


Certificate:  GlobalSign Secure Mail Root R45
Keyhash:      0d972af8
Added to p11-kit anchor directory with trust ',C,'.


Certificate:  Hellenic Academic and Research Institutions RootCA 2015
Keyhash:      32888f65
Added to p11-kit anchor directory with trust 'C,C,'.


Certificate:  Security Communication RootCA2
Keyhash:      cd58d51e
Added to p11-kit anchor directory with trust 'C,C,'.


Certificate:  Hellenic Academic and Research Institutions ECC RootCA 2015
Keyhash:      7719f463
Added to p11-kit anchor directory with trust 'C,C,'.


Certificate:  ACCVRAIZ1
Keyhash:      a94d09e5
Added to p11-kit anchor directory with trust 'C,,'.


Certificate:  Buypass Class 3 Root CA
Keyhash:      e8de2f56
Added to p11-kit anchor directory with trust 'C,,'.


Extracting OpenSSL certificates to:
/etc/ssl/certs...Done!
Extracting GNUTLS server auth certificates to:
/etc/pki/tls/certs/ca-bundle.crt...Done!
Extracting GNUTLS S-Mime certificates to:
/etc/pki/tls/certs/email-ca-bundle.crt...Done!
Extracting GNUTLS code signing certificates to:
/etc/pki/tls/certs/objsign-ca-bundle.crt...Done!
Extracting Java cacerts (JKS) to:
/etc/pki/tls/java/cacerts...Done!
