The Meson build system
Version: 1.8.3
Source dir: /tmp/LFS/BLFS/sources/p11-kit-0.25.5
Build dir: /tmp/LFS/BLFS/sources/p11-kit-0.25.5/build
Build type: native build
Project name: p11-kit
Project version: 0.25.5
C compiler for the host machine: cc (gcc 15.2.0 "cc (GCC) 15.2.0")
C linker for the host machine: cc ld.bfd 2.45
Host machine cpu family: x86_64
Host machine cpu: x86_64
Has header "libintl.h" : YES 
Library intl found: NO
Checking for size of "unsigned long" : 8 
Run-time dependency threads found: YES
Checking for function "pthread_create" with dependency threads: YES 
Checking for function "nanosleep" : YES 
Checking for function "dlopen" : YES 
Library nsl found: NO
Has header "locale.h" : YES 
Checking for type "locale_t" : YES 
Checking for function "newlocale" : YES 
Checking for function "strerror_l" : YES 
Has header "sys/resource.h" : YES 
Has header "sys/un.h" : YES 
Has header "ucred.h" : NO 
Checking for function "fdwalk" : NO 
Checking for function "getexecname" : NO 
Checking for function "getpeereid" : NO 
Checking for function "getpeerucred" : NO 
Checking for function "getprogname" : NO 
Checking for function "getresuid" : YES 
Checking for function "isatty" : YES 
Checking for function "issetugid" : NO 
Checking for function "mkdtemp" : YES 
Checking for function "mkstemp" : YES 
Checking for function "readpassphrase" : NO 
Checking for function "secure_getenv" : YES 
Checking for function "strndup" : YES 
Checking for function "strnstr" : NO 
Checking for function "getauxval" : YES 
Checking whether type "struct dirent" has member "d_type" : YES 
Checking if "thread-local storage class" compiles: YES 
Checking for function "gmtime_r" : YES 
Checking if "program_invocation_short_name_test_code" links: YES 
Checking if "__libc_enable_secure" links: YES 
Checking if "vsock_test" compiles: YES 
Checking for type "sighandler_t" : NO 
Checking for type "sig_t" : NO 
Checking for type "__sighandler_t" : NO 
Checking for type "sighandler_t" : NO 
Checking for type "sig_t" : YES 
Checking for type "__sighandler_t" : YES 
Has header "stdbool.h" : YES 
Checking for function "asprintf" : YES 
Checking for function "basename" : YES 
Checking for function "memdup" : NO 
Checking for function "reallocarray" : YES 
Checking for function "secure_getenv" : YES (cached)
Checking for function "setenv" : YES 
Checking for function "strnstr" : NO (cached)
Checking for function "vasprintf" : YES 
Checking for function "strerror_r" : YES 
Checking if "GNU strerror_r check" compiles: YES 
Header "errno.h" has symbol "program_invocation_short_name" : YES 
Header "stdio.h" has symbol "asprintf" : YES 
Header "stdio.h" has symbol "vasprintf" : YES 
Header "stdlib.h" has symbol "reallocarray" : YES 
Found pkg-config: YES (/usr/bin/pkg-config) 2.5.1
Run-time dependency libffi found: YES 3.4.6
Run-time dependency libtasn1 found: YES 4.19.0
Program asn1Parser found: YES (/usr/bin/asn1Parser)
Run-time dependency libsystemd found: YES 257
Run-time dependency systemd found: YES 257
Configuring config.h using configuration
Program python3 found: YES (/usr/bin/python3.13)

Executing subproject pkcs11-json 

pkcs11-json| Project name: pkcs11-json
pkcs11-json| Project version: undefined
pkcs11-json| Program castxml found: NO
pkcs11-json| Program cp found: YES (/usr/bin/cp)
pkcs11-json| Build targets in project: 0
pkcs11-json| Subproject pkcs11-json finished.

Checking for function "readpassphrase" : NO (cached)
Configuring test-init.sh using configuration
Configuring version.h using configuration
Compiler for C supports link arguments -Wl,--version-script,/tmp/LFS/BLFS/sources/p11-kit-0.25.5/p11-kit/libp11-kit.map: YES 
Compiler for C supports link arguments -Wl,-z,nodelete: YES 
Compiler for C supports link arguments -Wl,--version-script,/tmp/LFS/BLFS/sources/p11-kit-0.25.5/p11-kit/p11-module.map: YES 
Configuring p11-kit-server.service using configuration
Program gen-pkcs11-gnu.sh found: YES (/tmp/LFS/BLFS/sources/p11-kit-0.25.5/p11-kit/gen-pkcs11-gnu.sh)
Program test-objects.sh found: YES (/tmp/LFS/BLFS/sources/p11-kit-0.25.5/p11-kit/test-objects.sh)
Program test-lists.sh found: YES (/tmp/LFS/BLFS/sources/p11-kit-0.25.5/p11-kit/test-lists.sh)
Program test-messages.sh found: YES (/tmp/LFS/BLFS/sources/p11-kit-0.25.5/p11-kit/test-messages.sh)
Program test-server.sh found: YES (/tmp/LFS/BLFS/sources/p11-kit-0.25.5/p11-kit/test-server.sh)
Program test-list-mechanisms.sh found: YES (/tmp/LFS/BLFS/sources/p11-kit-0.25.5/p11-kit/test-list-mechanisms.sh)
Program test-list-tokens.sh found: YES (/tmp/LFS/BLFS/sources/p11-kit-0.25.5/p11-kit/test-list-tokens.sh)
Program test-generate-keypair.sh found: YES (/tmp/LFS/BLFS/sources/p11-kit-0.25.5/p11-kit/test-generate-keypair.sh)
Program test-export-public.sh found: YES (/tmp/LFS/BLFS/sources/p11-kit-0.25.5/p11-kit/test-export-public.sh)
Program test-import-public.sh found: YES (/tmp/LFS/BLFS/sources/p11-kit-0.25.5/p11-kit/test-import-public.sh)
Program test-profiles.sh found: YES (/tmp/LFS/BLFS/sources/p11-kit-0.25.5/p11-kit/test-profiles.sh)
Configuring pkcs11.conf.example using configuration
Program msgfmt found: YES (/usr/bin/msgfmt)
Program msginit found: YES (/usr/bin/msginit)
Program msgmerge found: YES (/usr/bin/msgmerge)
Program xgettext found: YES (/usr/bin/xgettext)
Run-time dependency bash-completion found: YES 2.16.0
Build targets in project: 197

p11-kit 0.25.5

  Subprojects
    pkcs11-json : YES

  User defined options
    buildtype   : release
    prefix      : /usr
    trust_module: enabled
    trust_paths : /etc/pki/anchors

Found ninja-1.13.1 at /usr/bin/ninja
[1/422] Generating 'p11-kit/virtual-ffi-generated.h.p/pkcs11.json'
[2/422] Generating 'p11-kit/virtual-fixed-wrappers.h.p/pkcs11.json'
[3/422] Generating 'p11-kit/virtual-stack-generated.h.p/pkcs11.json'
[4/422] Generating 'p11-kit/virtual-base-generated.h.p/pkcs11.json'
[5/422] Generating 'p11-kit/proxy-generated.h.p/pkcs11.json'
[6/422] Generating p11-kit/generate virtual-fixed-closures.h with a custom command
[7/422] Generating p11-kit/generate virtual-ffi-generated.h with a custom command
[8/422] Generating p11-kit/generate virtual-stack-generated.h with a custom command
[9/422] Generating p11-kit/generate virtual-base-generated.h with a custom command
[10/422] Compiling C object common/libp11-common.a.p/argv.c.o
[11/422] Generating p11-kit/generate virtual-fixed-wrappers.h with a custom command
[12/422] Compiling C object common/libp11-common.a.p/base64.c.o
[13/422] Compiling C object common/libp11-common.a.p/array.c.o
[14/422] Compiling C object common/libp11-common.a.p/compat.c.o
[15/422] Compiling C object common/libp11-common.a.p/constants.c.o
[16/422] Compiling C object common/libp11-common.a.p/buffer.c.o
[17/422] Compiling C object common/libp11-common.a.p/debug.c.o
[18/422] Compiling C object common/libp11-common.a.p/hash.c.o
[19/422] Compiling C object common/libp11-common.a.p/dict.c.o
[20/422] Compiling C object common/libp11-common.a.p/lexer.c.o
[21/422] Compiling C object common/libp11-common.a.p/message.c.o
[22/422] Compiling C object common/libp11-common.a.p/url.c.o
[23/422] Compiling C object common/libp11-common.a.p/hex.c.o
[24/422] Compiling C object common/libp11-common.a.p/runtime.c.o
[25/422] Compiling C object common/libp11-common.a.p/pem.c.o
[26/422] Compiling C object common/libp11-common.a.p/vsock.c.o
[27/422] Compiling C object common/libp11-common.a.p/path.c.o
[28/422] Compiling C object common/libp11-library.a.p/library.c.o
[29/422] Compiling C object common/libp11-common.a.p/attrs.c.o
[30/422] Compiling C object p11-kit/libp11-kit-internal.a.p/filter.c.o
[31/422] Compiling C object p11-kit/libp11-kit-internal.a.p/conf.c.o
[32/422] Generating p11-kit/generate proxy-generated.h with a custom command
[33/422] Generating common/basic.asn.h with a custom command
Done.
[34/422] Linking static target common/libp11-common.a
[35/422] Linking static target common/libp11-library.a
[36/422] Generating common/pkix.asn.h with a custom command
Done.
[37/422] Generating common/openssl.asn.h with a custom command
Done.
[38/422] Compiling C object p11-kit/libp11-kit.so.0.4.1.p/messages.c.o
[39/422] Compiling C object p11-kit/libp11-kit-internal.a.p/rpc-transport.c.o
[40/422] Compiling C object p11-kit/libp11-kit.so.0.4.1.p/iter.c.o
[41/422] Compiling C object p11-kit/libp11-kit.so.0.4.1.p/pin.c.o
[42/422] Compiling C object p11-kit/libp11-kit.so.0.4.1.p/proxy-init.c.o
[43/422] Compiling C object p11-kit/libp11-kit.so.0.4.1.p/modules.c.o
[44/422] Compiling C object p11-kit/libp11-kit.so.0.4.1.p/util.c.o
[45/422] Compiling C object p11-kit/libp11-kit-internal.a.p/rpc-client.c.o
[46/422] Compiling C object p11-kit/libp11-kit-internal.a.p/rpc-message.c.o
[47/422] Compiling C object p11-kit/libp11-kit.so.0.4.1.p/uri.c.o
[48/422] Compiling C object common/libp11-tool.a.p/options.c.o
[49/422] Compiling C object common/libp11-tool.a.p/unix-peer.c.o
[50/422] Compiling C object p11-kit/libp11-kit.so.0.4.1.p/rpc-server.c.o
[51/422] Compiling C object common/libp11-tool.a.p/print.c.o
[52/422] Compiling C object common/libp11-test.a.p/test.c.o
[53/422] Compiling C object common/libp11-asn1.a.p/oid.c.o
[54/422] Compiling C object common/libp11-tool.a.p/readpassphrase.c.o
[55/422] Compiling C object p11-kit/libp11-kit-internal.a.p/log.c.o
[56/422] Compiling C object common/libp11-asn1.a.p/asn1.c.o
[57/422] Compiling C object p11-kit/libp11-kit.so.0.4.1.p/proxy.c.o
[58/422] Compiling C object p11-kit/libp11-kit-testable.a.p/conf.c.o
[59/422] Compiling C object common/libp11-asn1.a.p/persist.c.o
[60/422] Compiling C object p11-kit/libp11-kit-testable.a.p/filter.c.o
[61/422] Compiling C object p11-kit/libp11-kit-testable.a.p/rpc-transport.c.o
[62/422] Compiling C object p11-kit/libp11-kit-testable.a.p/messages.c.o
[63/422] Compiling C object common/libp11-test.a.p/mock.c.o
[64/422] Compiling C object p11-kit/libp11-kit-testable.a.p/pin.c.o
[65/422] Compiling C object p11-kit/libp11-kit-testable.a.p/iter.c.o
[66/422] Compiling C object p11-kit/libp11-kit-testable.a.p/proxy-init.c.o
[67/422] Compiling C object p11-kit/libp11-kit-testable.a.p/rpc-message.c.o
[68/422] Compiling C object p11-kit/libp11-kit-testable.a.p/modules.c.o
[69/422] Compiling C object p11-kit/libp11-kit-testable.a.p/util.c.o
[70/422] Generating 'p11-kit/libp11-kit-pkcs11-gnu.a.p/pkcs11-gnu-iter.h'
[71/422] Generating 'p11-kit/libp11-kit-pkcs11-gnu.a.p/pkcs11-gnu-pin.h'
[72/422] Generating 'p11-kit/libp11-kit-pkcs11-gnu.a.p/pkcs11-gnu-uri.h'
[73/422] Compiling C object trust/liblibtrust-data.a.p/utf8.c.o
[74/422] Compiling C object p11-kit/libp11-kit-testable.a.p/rpc-client.c.o
[75/422] Compiling C object p11-kit/libp11-kit-testable.a.p/uri.c.o
[76/422] Compiling C object trust/liblibtrust-data.a.p/x509.c.o
[77/422] Compiling C object p11-kit/libp11-kit-testable.a.p/log.c.o
[78/422] Compiling C object p11-kit/libp11-kit-testable.a.p/proxy.c.o
[79/422] Compiling C object p11-kit/libp11-kit-testable.a.p/rpc-server.c.o
[80/422] Compiling C object trust/liblibtrust-testable.a.p/parser.c.o
[81/422] Compiling C object trust/liblibtrust-testable.a.p/digest.c.o
関数 ‘sha1_update’ 内,
    inlined from ‘sha1_final’ at ../trust/digest.c:279:2,
    inlined from ‘p11_digest_sha1’ at ../trust/digest.c:358:2:
../trust/digest.c:245:25: 警告: ‘transform_sha1’ reading 64 bytes from a region of size 0 [-Wstringop-overread]
  245 |                         transform_sha1 (context->state, &data[i]);
      |                         ^~~~~~~~~~~~~~~~~~~~~~~~~~~~~~~~~~~~~~~~~
../trust/digest.c:245:25: 備考: referencing argument 2 of type ‘const unsigned char[64]’
../trust/digest.c: 関数 ‘p11_digest_sha1’ 内:
../trust/digest.c:138:1: 備考: in a call to function ‘transform_sha1’
  138 | transform_sha1 (uint32_t state[5],
      | ^~~~~~~~~~~~~~
関数 ‘sha1_update’ 内,
    inlined from ‘sha1_final’ at ../trust/digest.c:281:3,
    inlined from ‘p11_digest_sha1’ at ../trust/digest.c:358:2:
../trust/digest.c:245:25: 警告: ‘transform_sha1’ reading 64 bytes from a region of size 0 [-Wstringop-overread]
  245 |                         transform_sha1 (context->state, &data[i]);
      |                         ^~~~~~~~~~~~~~~~~~~~~~~~~~~~~~~~~~~~~~~~~
../trust/digest.c:245:25: 備考: referencing argument 2 of type ‘const unsigned char[64]’
../trust/digest.c: 関数 ‘p11_digest_sha1’ 内:
../trust/digest.c:138:1: 備考: in a call to function ‘transform_sha1’
  138 | transform_sha1 (uint32_t state[5],
      | ^~~~~~~~~~~~~~
関数 ‘sha1_update’ 内,
    inlined from ‘sha1_final’ at ../trust/digest.c:283:2,
    inlined from ‘p11_digest_sha1’ at ../trust/digest.c:358:2:
../trust/digest.c:245:25: 警告: ‘transform_sha1’ reading 64 bytes from a region of size 7 [-Wstringop-overread]
  245 |                         transform_sha1 (context->state, &data[i]);
      |                         ^~~~~~~~~~~~~~~~~~~~~~~~~~~~~~~~~~~~~~~~~
../trust/digest.c:245:25: 備考: referencing argument 2 of type ‘const unsigned char[64]’
../trust/digest.c: 関数 ‘p11_digest_sha1’ 内:
../trust/digest.c:138:1: 備考: in a call to function ‘transform_sha1’
  138 | transform_sha1 (uint32_t state[5],
      | ^~~~~~~~~~~~~~
[82/422] Compiling C object trust/liblibtrust-testable.a.p/index.c.o
[83/422] Compiling C object trust/liblibtrust-testable.a.p/session.c.o
[84/422] Compiling C object trust/liblibtrust-testable.a.p/builder.c.o
[85/422] Linking static target common/libp11-test.a
[86/422] Compiling C object trust/liblibtrust-testable.a.p/save.c.o
[87/422] Linking static target common/libp11-tool.a
[88/422] Linking static target common/libp11-asn1.a
[89/422] Compiling C object trust/liblibtrust-test.a.p/test-trust.c.o
[90/422] Compiling C object trust/liblibtrust-testable.a.p/module.c.o
[91/422] Compiling C object common/test-tests.p/test-tests.c.o
[92/422] Compiling C object trust/liblibtrust-testable.a.p/token.c.o
[93/422] Compiling C object common/test-hash.p/test-hash.c.o
[94/422] Compiling C object common/test-compat.p/test-compat.c.o
[95/422] Compiling C object common/test-array.p/test-array.c.o
[96/422] Compiling C object common/test-constants.p/test-constants.c.o
[97/422] Compiling C object common/test-hex.p/test-hex.c.o
[98/422] Compiling C object trust/liblibtrust-test.a.p/digest.c.o
関数 ‘sha1_update’ 内,
    inlined from ‘sha1_final’ at ../trust/digest.c:279:2,
    inlined from ‘p11_digest_sha1’ at ../trust/digest.c:358:2:
../trust/digest.c:245:25: 警告: ‘transform_sha1’ reading 64 bytes from a region of size 0 [-Wstringop-overread]
  245 |                         transform_sha1 (context->state, &data[i]);
      |                         ^~~~~~~~~~~~~~~~~~~~~~~~~~~~~~~~~~~~~~~~~
../trust/digest.c:245:25: 備考: referencing argument 2 of type ‘const unsigned char[64]’
../trust/digest.c: 関数 ‘p11_digest_sha1’ 内:
../trust/digest.c:138:1: 備考: in a call to function ‘transform_sha1’
  138 | transform_sha1 (uint32_t state[5],
      | ^~~~~~~~~~~~~~
関数 ‘sha1_update’ 内,
    inlined from ‘sha1_final’ at ../trust/digest.c:281:3,
    inlined from ‘p11_digest_sha1’ at ../trust/digest.c:358:2:
../trust/digest.c:245:25: 警告: ‘transform_sha1’ reading 64 bytes from a region of size 0 [-Wstringop-overread]
  245 |                         transform_sha1 (context->state, &data[i]);
      |                         ^~~~~~~~~~~~~~~~~~~~~~~~~~~~~~~~~~~~~~~~~
../trust/digest.c:245:25: 備考: referencing argument 2 of type ‘const unsigned char[64]’
../trust/digest.c: 関数 ‘p11_digest_sha1’ 内:
../trust/digest.c:138:1: 備考: in a call to function ‘transform_sha1’
  138 | transform_sha1 (uint32_t state[5],
      | ^~~~~~~~~~~~~~
関数 ‘sha1_update’ 内,
    inlined from ‘sha1_final’ at ../trust/digest.c:283:2,
    inlined from ‘p11_digest_sha1’ at ../trust/digest.c:358:2:
../trust/digest.c:245:25: 警告: ‘transform_sha1’ reading 64 bytes from a region of size 7 [-Wstringop-overread]
  245 |                         transform_sha1 (context->state, &data[i]);
      |                         ^~~~~~~~~~~~~~~~~~~~~~~~~~~~~~~~~~~~~~~~~
../trust/digest.c:245:25: 備考: referencing argument 2 of type ‘const unsigned char[64]’
../trust/digest.c: 関数 ‘p11_digest_sha1’ 内:
../trust/digest.c:138:1: 備考: in a call to function ‘transform_sha1’
  138 | transform_sha1 (uint32_t state[5],
      | ^~~~~~~~~~~~~~
[99/422] Compiling C object common/test-buffer.p/test-buffer.c.o
[100/422] Compiling C object common/test-dict.p/test-dict.c.o
[101/422] Compiling C object common/test-url.p/test-url.c.o
[102/422] Compiling C object common/test-path.p/test-path.c.o
[103/422] Compiling C object common/test-runtime.p/test-runtime.c.o
[104/422] Compiling C object common/test-message.p/test-message.c.o
[105/422] Compiling C object common/test-lexer.p/test-lexer.c.o
[106/422] Compiling C object common/test-argv.p/test-argv.c.o
[107/422] Compiling C object common/test-asn1.p/test-asn1.c.o
[108/422] Compiling C object common/frob-getauxval.p/frob-getauxval.c.o
[109/422] Compiling C object common/test-oid.p/test-oid.c.o
[110/422] Compiling C object common/frob-getenv.p/frob-getenv.c.o
[111/422] Compiling C object common/frob-getprogname.p/frob-getprogname.c.o
[112/422] Compiling C object p11-kit/p11-kit-client.so.p/client-init.c.o
[113/422] Compiling C object common/test-attrs.p/test-attrs.c.o
[114/422] Compiling C object p11-kit/p11-kit-client.so.p/client.c.o
[115/422] Compiling C object p11-kit/p11-kit.p/add-profile.c.o
[116/422] Compiling C object p11-kit/p11-kit.p/delete-profile.c.o
[117/422] Compiling C object p11-kit/p11-kit.p/delete-object.c.o
[118/422] Compiling C object p11-kit/p11-kit.p/export-object.c.o
[119/422] Compiling C object p11-kit/p11-kit.p/generate-keypair.c.o
[120/422] Compiling C object p11-kit/p11-kit.p/list-profiles.c.o
[121/422] Compiling C object p11-kit/p11-kit.p/list-objects.c.o
[122/422] Compiling C object p11-kit/p11-kit.p/import-object.c.o
[123/422] Compiling C object p11-kit/p11-kit.p/list-tokens.c.o
[124/422] Compiling C object p11-kit/p11-kit.p/list-mechanisms.c.o
[125/422] Compiling C object p11-kit/p11-kit.p/lists.c.o
[126/422] Compiling C object p11-kit/p11-kit.p/p11-kit.c.o
[127/422] Compiling C object p11-kit/p11-kit.p/tty.c.o
[128/422] Compiling C object p11-kit/p11-kit.p/tool.c.o
[129/422] Compiling C object p11-kit/p11-kit.p/print-config.c.o
[130/422] Compiling C object p11-kit/p11-kit-testable.p/add-profile.c.o
[131/422] Compiling C object p11-kit/p11-kit-testable.p/delete-object.c.o
[132/422] Compiling C object p11-kit/p11-kit-testable.p/delete-profile.c.o
[133/422] Compiling C object p11-kit/p11-kit-testable.p/generate-keypair.c.o
[134/422] Compiling C object p11-kit/p11-kit-testable.p/export-object.c.o
[135/422] Compiling C object p11-kit/p11-kit-testable.p/list-profiles.c.o
[136/422] Compiling C object p11-kit/p11-kit-testable.p/list-mechanisms.c.o
[137/422] Compiling C object p11-kit/p11-kit-testable.p/list-tokens.c.o
[138/422] Compiling C object p11-kit/p11-kit-testable.p/list-objects.c.o
[139/422] Compiling C object p11-kit/p11-kit-testable.p/p11-kit.c.o
[140/422] Compiling C object p11-kit/p11-kit-testable.p/import-object.c.o
[141/422] Compiling C object p11-kit/p11-kit-testable.p/print-config.c.o
[142/422] Compiling C object p11-kit/p11-kit-testable.p/tool.c.o
[143/422] Compiling C object p11-kit/p11-kit-testable.p/tty.c.o
[144/422] Compiling C object p11-kit/p11-kit-testable.p/lists.c.o
[145/422] Compiling C object p11-kit/p11-kit-remote-testable.p/remote.c.o
[146/422] Compiling C object p11-kit/p11-kit-remote.p/remote.c.o
[147/422] Compiling C object p11-kit/libp11-kit-pkcs11-gnu.a.p/pkcs11-gnu.c.o
[148/422] Compiling C object p11-kit/test-progname.p/test-progname.c.o
[149/422] Compiling C object p11-kit/test-util.p/test-util.c.o
[150/422] Compiling C object p11-kit/p11-kit-server-testable.p/server.c.o
[151/422] Compiling C object p11-kit/p11-kit-server.p/server.c.o
[152/422] Compiling C object p11-kit/test-pin.p/test-pin.c.o
[153/422] Compiling C object p11-kit/test-conf.p/test-conf.c.o
[154/422] Compiling C object p11-kit/test-init.p/test-init.c.o
[155/422] Compiling C object p11-kit/test-modules.p/test-modules.c.o
[156/422] Compiling C object p11-kit/test-deprecated.p/test-deprecated.c.o
[157/422] Compiling C object p11-kit/test-uri.p/test-uri.c.o
[158/422] Compiling C object p11-kit/test-virtual.p/test-virtual.c.o
[159/422] Compiling C object p11-kit/test-iter.p/test-iter.c.o
[160/422] Compiling C object p11-kit/test-proxy.p/test-proxy.c.o
[161/422] Compiling C object p11-kit/test-proxy3.p/test-proxy3.c.o
[162/422] Compiling C object p11-kit/test-rpc.p/test-rpc.c.o
[163/422] Compiling C object p11-kit/test-filter.p/test-filter.c.o
[164/422] Compiling C object p11-kit/test-managed.p/test-managed.c.o
[165/422] Compiling C object p11-kit/test-version.p/test-version.c.o
[166/422] Compiling C object p11-kit/test-log3.p/test-log3.c.o
[167/422] Compiling C object p11-kit/test-rpc-message.p/test-rpc-message.c.o
[168/422] Compiling C object p11-kit/test-server.p/test-server.c.o
[169/422] Compiling C object p11-kit/print-messages.p/print-messages.c.o
[170/422] Compiling C object p11-kit/frob-setuid.p/frob-setuid.c.o
[171/422] Compiling C object p11-kit/mock-one.so.p/mock-module-ep.c.o
[172/422] Compiling C object p11-kit/test-log.p/test-log.c.o
[173/422] Compiling C object p11-kit/mock-v3-one.so.p/mock-module-v3-ep.c.o
[174/422] Compiling C object p11-kit/mock-two.so.p/mock-module-ep2.c.o
[175/422] Compiling C object p11-kit/mock-four.so.p/mock-module-ep.c.o
[176/422] Compiling C object p11-kit/mock-three.so.p/mock-module-ep.c.o
[177/422] Compiling C object p11-kit/mock-v3-two.so.p/mock-module-v3-ep2.c.o
[178/422] Compiling C object p11-kit/mock-five.so.p/mock-module-ep3.c.o
[179/422] Compiling C object p11-kit/mock-v3-four.so.p/mock-module-v3-ep.c.o
[180/422] Compiling C object p11-kit/mock-seven.so.p/mock-module-ep5.c.o
[181/422] Compiling C object p11-kit/mock-eight.so.p/mock-module-ep6.c.o
[182/422] Compiling C object p11-kit/mock-nine.so.p/mock-module-ep7.c.o
[183/422] Compiling C object p11-kit/mock-ten.so.p/mock-module-ep8.c.o
[184/422] Compiling C object p11-kit/mock-eleven.so.p/mock-module-ep9.c.o
[185/422] Compiling C object p11-kit/mock-twelve.so.p/mock-module-ep10.c.o
[186/422] Compiling C object p11-kit/mock-six.so.p/mock-module-ep4.c.o
[187/422] Compiling C object p11-kit/mock-thirteen.so.p/mock-module-ep11.c.o
[188/422] Linking static target trust/liblibtrust-data.a
[189/422] Compiling C object p11-kit/mock-fourteen.so.p/mock-module-ep12.c.o
[190/422] Compiling C object fuzz/rpc_fuzzer.p/rpc_fuzzer.c.o
[191/422] Compiling C object fuzz/rpc_fuzzer.p/main.c.o
[192/422] Compiling C object p11-kit/test-transport3.p/test-transport3.c.o
[193/422] Compiling C object trust/p11-kit-trust.so.p/digest.c.o
関数 ‘sha1_update’ 内,
    inlined from ‘sha1_final’ at ../trust/digest.c:279:2,
    inlined from ‘p11_digest_sha1’ at ../trust/digest.c:358:2:
../trust/digest.c:245:25: 警告: ‘transform_sha1’ reading 64 bytes from a region of size 0 [-Wstringop-overread]
  245 |                         transform_sha1 (context->state, &data[i]);
      |                         ^~~~~~~~~~~~~~~~~~~~~~~~~~~~~~~~~~~~~~~~~
../trust/digest.c:245:25: 備考: referencing argument 2 of type ‘const unsigned char[64]’
../trust/digest.c: 関数 ‘p11_digest_sha1’ 内:
../trust/digest.c:138:1: 備考: in a call to function ‘transform_sha1’
  138 | transform_sha1 (uint32_t state[5],
      | ^~~~~~~~~~~~~~
関数 ‘sha1_update’ 内,
    inlined from ‘sha1_final’ at ../trust/digest.c:281:3,
    inlined from ‘p11_digest_sha1’ at ../trust/digest.c:358:2:
../trust/digest.c:245:25: 警告: ‘transform_sha1’ reading 64 bytes from a region of size 0 [-Wstringop-overread]
  245 |                         transform_sha1 (context->state, &data[i]);
      |                         ^~~~~~~~~~~~~~~~~~~~~~~~~~~~~~~~~~~~~~~~~
../trust/digest.c:245:25: 備考: referencing argument 2 of type ‘const unsigned char[64]’
../trust/digest.c: 関数 ‘p11_digest_sha1’ 内:
../trust/digest.c:138:1: 備考: in a call to function ‘transform_sha1’
  138 | transform_sha1 (uint32_t state[5],
      | ^~~~~~~~~~~~~~
関数 ‘sha1_update’ 内,
    inlined from ‘sha1_final’ at ../trust/digest.c:283:2,
    inlined from ‘p11_digest_sha1’ at ../trust/digest.c:358:2:
../trust/digest.c:245:25: 警告: ‘transform_sha1’ reading 64 bytes from a region of size 7 [-Wstringop-overread]
  245 |                         transform_sha1 (context->state, &data[i]);
      |                         ^~~~~~~~~~~~~~~~~~~~~~~~~~~~~~~~~~~~~~~~~
../trust/digest.c:245:25: 備考: referencing argument 2 of type ‘const unsigned char[64]’
../trust/digest.c: 関数 ‘p11_digest_sha1’ 内:
../trust/digest.c:138:1: 備考: in a call to function ‘transform_sha1’
  138 | transform_sha1 (uint32_t state[5],
      | ^~~~~~~~~~~~~~
[194/422] Compiling C object p11-kit/test-transport.p/test-transport.c.o
[195/422] Compiling C object trust/p11-kit-trust.so.p/parser.c.o
[196/422] Compiling C object trust/p11-kit-trust.so.p/session.c.o
[197/422] Compiling C object trust/p11-kit-trust.so.p/index.c.o
[198/422] Compiling C object trust/p11-kit-trust.so.p/module-init.c.o
[199/422] Compiling C object trust/p11-kit-trust.so.p/save.c.o
[200/422] Linking static target trust/liblibtrust-testable.a
[201/422] Compiling C object trust/p11-kit-trust.so.p/builder.c.o
[202/422] Compiling C object trust/p11-kit-trust.so.p/module.c.o
[203/422] Compiling C object trust/trust.p/check-format.c.o
[204/422] Compiling C object trust/p11-kit-trust.so.p/token.c.o
[205/422] Compiling C object trust/trust.p/parser.c.o
[206/422] Compiling C object trust/trust.p/anchor.c.o
[207/422] Compiling C object trust/trust.p/dump.c.o
[208/422] Compiling C object trust/trust.p/extract.c.o
[209/422] Compiling C object trust/trust.p/extract-edk2.c.o
[210/422] Compiling C object trust/trust.p/enumerate.c.o
[211/422] Compiling C object trust/trust.p/extract-jks.c.o
[212/422] Compiling C object trust/trust.p/extract-pem.c.o
[213/422] Compiling C object trust/trust.p/extract-openssl.c.o
[214/422] Compiling C object trust/trust.p/extract-cer.c.o
[215/422] Linking static target trust/liblibtrust-test.a
[216/422] Compiling C object trust/trust.p/digest.c.o
関数 ‘sha1_update’ 内,
    inlined from ‘sha1_final’ at ../trust/digest.c:279:2,
    inlined from ‘p11_digest_sha1’ at ../trust/digest.c:358:2:
../trust/digest.c:245:25: 警告: ‘transform_sha1’ reading 64 bytes from a region of size 0 [-Wstringop-overread]
  245 |                         transform_sha1 (context->state, &data[i]);
      |                         ^~~~~~~~~~~~~~~~~~~~~~~~~~~~~~~~~~~~~~~~~
../trust/digest.c:245:25: 備考: referencing argument 2 of type ‘const unsigned char[64]’
../trust/digest.c: 関数 ‘p11_digest_sha1’ 内:
../trust/digest.c:138:1: 備考: in a call to function ‘transform_sha1’
  138 | transform_sha1 (uint32_t state[5],
      | ^~~~~~~~~~~~~~
関数 ‘sha1_update’ 内,
    inlined from ‘sha1_final’ at ../trust/digest.c:281:3,
    inlined from ‘p11_digest_sha1’ at ../trust/digest.c:358:2:
../trust/digest.c:245:25: 警告: ‘transform_sha1’ reading 64 bytes from a region of size 0 [-Wstringop-overread]
  245 |                         transform_sha1 (context->state, &data[i]);
      |                         ^~~~~~~~~~~~~~~~~~~~~~~~~~~~~~~~~~~~~~~~~
../trust/digest.c:245:25: 備考: referencing argument 2 of type ‘const unsigned char[64]’
../trust/digest.c: 関数 ‘p11_digest_sha1’ 内:
../trust/digest.c:138:1: 備考: in a call to function ‘transform_sha1’
  138 | transform_sha1 (uint32_t state[5],
      | ^~~~~~~~~~~~~~
関数 ‘sha1_update’ 内,
    inlined from ‘sha1_final’ at ../trust/digest.c:283:2,
    inlined from ‘p11_digest_sha1’ at ../trust/digest.c:358:2:
../trust/digest.c:245:25: 警告: ‘transform_sha1’ reading 64 bytes from a region of size 7 [-Wstringop-overread]
  245 |                         transform_sha1 (context->state, &data[i]);
      |                         ^~~~~~~~~~~~~~~~~~~~~~~~~~~~~~~~~~~~~~~~~
../trust/digest.c:245:25: 備考: referencing argument 2 of type ‘const unsigned char[64]’
../trust/digest.c: 関数 ‘p11_digest_sha1’ 内:
../trust/digest.c:138:1: 備考: in a call to function ‘transform_sha1’
  138 | transform_sha1 (uint32_t state[5],
      | ^~~~~~~~~~~~~~
[217/422] Compiling C object trust/trust.p/list.c.o
../trust/list.c: 関数 ‘list_iterate’ 内:
../trust/list.c:96:26: 警告: 変数 ‘object’ が設定されましたが使用されていません [-Wunused-but-set-variable]
   96 |         CK_OBJECT_HANDLE object;
      |                          ^~~~~~
[218/422] Compiling C object trust/trust.p/trust.c.o
[219/422] Compiling C object trust/test-digest.p/test-digest.c.o
[220/422] Compiling C object trust/test-base64.p/test-base64.c.o
[221/422] Compiling C object trust/test-pem.p/test-pem.c.o
[222/422] Compiling C object trust/trust.p/save.c.o
[223/422] Compiling C object trust/test-x509.p/test-x509.c.o
[224/422] Compiling C object trust/test-utf8.p/test-utf8.c.o
[225/422] Compiling C object trust/test-persist.p/test-persist.c.o
[226/422] Compiling C object trust/test-parser.p/test-parser.c.o
[227/422] Compiling C object trust/test-index.p/test-index.c.o
[228/422] Compiling C object trust/test-token.p/test-token.c.o
[229/422] Compiling C object trust/test-save.p/test-save.c.o
[230/422] Compiling C object trust/test-builder.p/test-builder.c.o
[231/422] Compiling C object trust/test-cer.p/test-cer.c.o
[232/422] Compiling C object trust/test-enumerate.p/test-enumerate.c.o
[233/422] Compiling C object trust/frob-pow.p/frob-pow.c.o
[234/422] Compiling C object trust/test-module.p/test-module.c.o
[235/422] Compiling C object trust/test-bundle.p/test-bundle.c.o
[236/422] Compiling C object trust/frob-token.p/frob-token.c.o
[237/422] Compiling C object trust/test-edk2.p/test-edk2.c.o
[238/422] Compiling C object trust/frob-nss-trust.p/frob-nss-trust.c.o
[239/422] Compiling C object trust/frob-cert.p/frob-cert.c.o
[240/422] Compiling C object trust/test-openssl.p/test-openssl.c.o
[241/422] Compiling C object trust/frob-bc.p/frob-bc.c.o
[242/422] Compiling C object trust/frob-ku.p/frob-ku.c.o
[243/422] Linking target common/test-tests
[244/422] Compiling C object trust/frob-eku.p/frob-eku.c.o
[245/422] Linking target common/test-compat
[246/422] Compiling C object trust/frob-ext.p/frob-ext.c.o
[247/422] Compiling C object trust/frob-oid.p/frob-oid.c.o
[248/422] Linking target common/test-hash
[249/422] Linking target common/test-dict
[250/422] Linking target common/test-buffer
[251/422] Linking target common/test-array
[252/422] Linking target common/test-hex
[253/422] Linking target common/test-attrs
[254/422] Linking target common/test-constants
[255/422] Linking target common/test-url
[256/422] Linking target common/test-path
[257/422] Linking target common/test-lexer
[258/422] Compiling C object trust/test-jks.p/test-jks.c.o
[259/422] Linking target common/test-runtime
[260/422] Linking target common/test-message
[261/422] Linking target common/frob-getauxval
[262/422] Linking static target p11-kit/libp11-kit-pkcs11-gnu.a
[263/422] Linking target common/test-argv
[264/422] Linking target common/test-oid
[265/422] Linking target common/frob-getenv
[266/422] Linking target common/test-asn1
[267/422] Linking target common/frob-getprogname
[268/422] Linking target p11-kit/mock-v3-one.so
[269/422] Linking target p11-kit/mock-two.so
[270/422] Linking target p11-kit/mock-one.so
[271/422] Linking target p11-kit/mock-three.so
[272/422] Linking target p11-kit/mock-v3-two.so
[273/422] Linking target p11-kit/mock-four.so
[274/422] Linking target p11-kit/mock-seven.so
[275/422] Linking target p11-kit/mock-five.so
[276/422] Linking target p11-kit/mock-v3-four.so
[277/422] Linking target p11-kit/mock-ten.so
[278/422] Linking target p11-kit/mock-eight.so
[279/422] Linking target p11-kit/mock-eleven.so
[280/422] Linking target p11-kit/mock-nine.so
[281/422] Building translation po/ar/LC_MESSAGES/p11-kit-ar.mo
[282/422] Linking target p11-kit/mock-thirteen.so
[283/422] Linking target p11-kit/mock-twelve.so
[284/422] Linking target p11-kit/mock-fourteen.so
[285/422] Building translation po/ast/LC_MESSAGES/p11-kit-ast.mo
[286/422] Linking target p11-kit/mock-six.so
[287/422] Building translation po/as/LC_MESSAGES/p11-kit-as.mo
[288/422] Building translation po/az/LC_MESSAGES/p11-kit-az.mo
[289/422] Building translation po/bg/LC_MESSAGES/p11-kit-bg.mo
[290/422] Building translation po/bn_IN/LC_MESSAGES/p11-kit-bn_IN.mo
[291/422] Building translation po/ca/LC_MESSAGES/p11-kit-ca.mo
[292/422] Building translation po/ca@valencia/LC_MESSAGES/p11-kit-ca@valencia.mo
[293/422] Linking target trust/p11-kit-trust.so
[294/422] Building translation po/da/LC_MESSAGES/p11-kit-da.mo
[295/422] Building translation po/en_GB/LC_MESSAGES/p11-kit-en_GB.mo
[296/422] Building translation po/el/LC_MESSAGES/p11-kit-el.mo
[297/422] Building translation po/eo/LC_MESSAGES/p11-kit-eo.mo
[298/422] Building translation po/et/LC_MESSAGES/p11-kit-et.mo
[299/422] Building translation po/es/LC_MESSAGES/p11-kit-es.mo
[300/422] Building translation po/de/LC_MESSAGES/p11-kit-de.mo
[301/422] Building translation po/cy/LC_MESSAGES/p11-kit-cy.mo
[302/422] Building translation po/cs/LC_MESSAGES/p11-kit-cs.mo
[303/422] Building translation po/fr/LC_MESSAGES/p11-kit-fr.mo
[304/422] Building translation po/fur/LC_MESSAGES/p11-kit-fur.mo
[305/422] Building translation po/eu/LC_MESSAGES/p11-kit-eu.mo
[306/422] Building translation po/fa/LC_MESSAGES/p11-kit-fa.mo
[307/422] Building translation po/fo/LC_MESSAGES/p11-kit-fo.mo
[308/422] Building translation po/fi/LC_MESSAGES/p11-kit-fi.mo
[309/422] Building translation po/ga/LC_MESSAGES/p11-kit-ga.mo
[310/422] Building translation po/gu/LC_MESSAGES/p11-kit-gu.mo
[311/422] Building translation po/gl/LC_MESSAGES/p11-kit-gl.mo
[312/422] Building translation po/hi/LC_MESSAGES/p11-kit-hi.mo
[313/422] Building translation po/he/LC_MESSAGES/p11-kit-he.mo
[314/422] Building translation po/it/LC_MESSAGES/p11-kit-it.mo
[315/422] Building translation po/id/LC_MESSAGES/p11-kit-id.mo
[316/422] Building translation po/hr/LC_MESSAGES/p11-kit-hr.mo
[317/422] Building translation po/ia/LC_MESSAGES/p11-kit-ia.mo
[318/422] Building translation po/hu/LC_MESSAGES/p11-kit-hu.mo
[319/422] Building translation po/ka/LC_MESSAGES/p11-kit-ka.mo
[320/422] Building translation po/kk/LC_MESSAGES/p11-kit-kk.mo
[321/422] Building translation po/lt/LC_MESSAGES/p11-kit-lt.mo
[322/422] Building translation po/ja/LC_MESSAGES/p11-kit-ja.mo
[323/422] Building translation po/lv/LC_MESSAGES/p11-kit-lv.mo
[324/422] Building translation po/ml/LC_MESSAGES/p11-kit-ml.mo
[325/422] Building translation po/kn/LC_MESSAGES/p11-kit-kn.mo
[326/422] Building translation po/ko/LC_MESSAGES/p11-kit-ko.mo
[327/422] Building translation po/mr/LC_MESSAGES/p11-kit-mr.mo
[328/422] Building translation po/ms/LC_MESSAGES/p11-kit-ms.mo
[329/422] Building translation po/nb/LC_MESSAGES/p11-kit-nb.mo
[330/422] Building translation po/nl/LC_MESSAGES/p11-kit-nl.mo
[331/422] Building translation po/pa/LC_MESSAGES/p11-kit-pa.mo
[332/422] Building translation po/pl/LC_MESSAGES/p11-kit-pl.mo
[333/422] Building translation po/pt/LC_MESSAGES/p11-kit-pt.mo
[334/422] Building translation po/nn/LC_MESSAGES/p11-kit-nn.mo
[335/422] Building translation po/pt_BR/LC_MESSAGES/p11-kit-pt_BR.mo
[336/422] Building translation po/oc/LC_MESSAGES/p11-kit-oc.mo
[337/422] Building translation po/ro/LC_MESSAGES/p11-kit-ro.mo
[338/422] Building translation po/or/LC_MESSAGES/p11-kit-or.mo
[339/422] Building translation po/ru/LC_MESSAGES/p11-kit-ru.mo
[340/422] Building translation po/sq/LC_MESSAGES/p11-kit-sq.mo
[341/422] Building translation po/si/LC_MESSAGES/p11-kit-si.mo
[342/422] Building translation po/sk/LC_MESSAGES/p11-kit-sk.mo
[343/422] Building translation po/sr/LC_MESSAGES/p11-kit-sr.mo
[344/422] Building translation po/sl/LC_MESSAGES/p11-kit-sl.mo
[345/422] Building translation po/sr@latin/LC_MESSAGES/p11-kit-sr@latin.mo
[346/422] Building translation po/sv/LC_MESSAGES/p11-kit-sv.mo
[347/422] Building translation po/vi/LC_MESSAGES/p11-kit-vi.mo
[348/422] Building translation po/ta/LC_MESSAGES/p11-kit-ta.mo
[349/422] Building translation po/uk/LC_MESSAGES/p11-kit-uk.mo
[350/422] Building translation po/te/LC_MESSAGES/p11-kit-te.mo
[351/422] Building translation po/tr/LC_MESSAGES/p11-kit-tr.mo
[352/422] Building translation po/th/LC_MESSAGES/p11-kit-th.mo
[353/422] Building translation po/wa/LC_MESSAGES/p11-kit-wa.mo
[354/422] Building translation po/zh_CN/LC_MESSAGES/p11-kit-zh_CN.mo
[355/422] Building translation po/zh_HK/LC_MESSAGES/p11-kit-zh_HK.mo
[356/422] Building translation po/zh_TW/LC_MESSAGES/p11-kit-zh_TW.mo
[357/422] Compiling C object p11-kit/libp11-kit-internal.a.p/virtual.c.o
[358/422] Linking static target p11-kit/libp11-kit-internal.a
[359/422] Linking target p11-kit/p11-kit-client.so
[360/422] Linking target p11-kit/libp11-kit.so.0.4.1
[361/422] Generating symbol file p11-kit/libp11-kit.so.0.4.1.p/libp11-kit.so.0.4.1.symbols
[362/422] Linking target p11-kit/p11-kit-remote
[363/422] Linking target p11-kit/p11-kit
[364/422] Linking target trust/test-pem
[365/422] Linking target p11-kit/p11-kit-server
[366/422] Linking target trust/test-base64
[367/422] Linking target trust/test-utf8
[368/422] Linking target trust/test-digest
[369/422] Linking target trust/trust
[370/422] Linking target trust/test-x509
[371/422] Linking target trust/test-persist
[372/422] Linking target trust/test-parser
[373/422] Linking target trust/test-save
[374/422] Linking target trust/test-token
[375/422] Linking target trust/test-index
[376/422] Linking target trust/test-builder
[377/422] Linking target trust/test-enumerate
[378/422] Linking target trust/test-module
[379/422] Linking target trust/test-openssl
[380/422] Linking target trust/test-cer
[381/422] Linking target trust/test-bundle
[382/422] Linking target trust/test-jks
[383/422] Linking target trust/frob-token
[384/422] Linking target trust/frob-pow
[385/422] Linking target trust/frob-nss-trust
[386/422] Linking target trust/frob-cert
[387/422] Linking target trust/frob-eku
[388/422] Linking target trust/test-edk2
[389/422] Linking target trust/frob-ku
[390/422] Linking target trust/frob-bc
[391/422] Linking target trust/frob-oid
[392/422] Linking target trust/frob-ext
[393/422] Compiling C object p11-kit/libp11-kit-testable.a.p/virtual.c.o
[394/422] Linking static target p11-kit/libp11-kit-testable.a
[395/422] Linking target p11-kit/test-progname
[396/422] Linking target p11-kit/test-conf
[397/422] Linking target p11-kit/p11-kit-remote-testable
[398/422] Linking target p11-kit/test-pin
[399/422] Linking target p11-kit/p11-kit-testable
[400/422] Linking target p11-kit/test-uri
[401/422] Linking target p11-kit/p11-kit-server-testable
[402/422] Linking target p11-kit/test-util
[403/422] Linking target p11-kit/test-init
[404/422] Linking target p11-kit/test-deprecated
[405/422] Linking target p11-kit/test-iter
[406/422] Linking target p11-kit/test-proxy
[407/422] Linking target p11-kit/test-rpc-message
[408/422] Linking target p11-kit/test-virtual
[409/422] Linking target p11-kit/test-modules
[410/422] Linking target p11-kit/test-proxy3
[411/422] Linking target p11-kit/test-rpc
[412/422] Linking target p11-kit/test-filter
[413/422] Linking target p11-kit/test-log
[414/422] Linking target p11-kit/test-version
[415/422] Linking target p11-kit/test-transport
[416/422] Linking target p11-kit/test-server
[417/422] Linking target p11-kit/test-managed
[418/422] Linking target p11-kit/test-transport3
[419/422] Linking target p11-kit/print-messages
[420/422] Linking target p11-kit/test-log3
[421/422] Linking target p11-kit/frob-setuid
[422/422] Linking target fuzz/rpc_fuzzer
[0/1] Installing files
Installing p11-kit/libp11-kit.so.0.4.1 to /usr/lib
Installing p11-kit/p11-kit-client.so to /usr/lib/pkcs11
Installing p11-kit/p11-kit to /usr/bin
Installing p11-kit/p11-kit-remote to /usr/libexec/p11-kit
Installing p11-kit/p11-kit-server to /usr/libexec/p11-kit
Installing trust/p11-kit-trust.so to /usr/lib/pkcs11
Installing trust/trust to /usr/bin
Installing po/ar/LC_MESSAGES/p11-kit.mo to /usr/share/locale/ar/LC_MESSAGES
Installing po/as/LC_MESSAGES/p11-kit.mo to /usr/share/locale/as/LC_MESSAGES
Installing po/ast/LC_MESSAGES/p11-kit.mo to /usr/share/locale/ast/LC_MESSAGES
Installing po/az/LC_MESSAGES/p11-kit.mo to /usr/share/locale/az/LC_MESSAGES
Installing po/bg/LC_MESSAGES/p11-kit.mo to /usr/share/locale/bg/LC_MESSAGES
Installing po/bn_IN/LC_MESSAGES/p11-kit.mo to /usr/share/locale/bn_IN/LC_MESSAGES
Installing po/ca/LC_MESSAGES/p11-kit.mo to /usr/share/locale/ca/LC_MESSAGES
Installing po/ca@valencia/LC_MESSAGES/p11-kit.mo to /usr/share/locale/ca@valencia/LC_MESSAGES
Installing po/cs/LC_MESSAGES/p11-kit.mo to /usr/share/locale/cs/LC_MESSAGES
Installing po/cy/LC_MESSAGES/p11-kit.mo to /usr/share/locale/cy/LC_MESSAGES
Installing po/da/LC_MESSAGES/p11-kit.mo to /usr/share/locale/da/LC_MESSAGES
Installing po/de/LC_MESSAGES/p11-kit.mo to /usr/share/locale/de/LC_MESSAGES
Installing po/el/LC_MESSAGES/p11-kit.mo to /usr/share/locale/el/LC_MESSAGES
Installing po/en_GB/LC_MESSAGES/p11-kit.mo to /usr/share/locale/en_GB/LC_MESSAGES
Installing po/eo/LC_MESSAGES/p11-kit.mo to /usr/share/locale/eo/LC_MESSAGES
Installing po/es/LC_MESSAGES/p11-kit.mo to /usr/share/locale/es/LC_MESSAGES
Installing po/et/LC_MESSAGES/p11-kit.mo to /usr/share/locale/et/LC_MESSAGES
Installing po/eu/LC_MESSAGES/p11-kit.mo to /usr/share/locale/eu/LC_MESSAGES
Installing po/fa/LC_MESSAGES/p11-kit.mo to /usr/share/locale/fa/LC_MESSAGES
Installing po/fi/LC_MESSAGES/p11-kit.mo to /usr/share/locale/fi/LC_MESSAGES
Installing po/fo/LC_MESSAGES/p11-kit.mo to /usr/share/locale/fo/LC_MESSAGES
Installing po/fr/LC_MESSAGES/p11-kit.mo to /usr/share/locale/fr/LC_MESSAGES
Installing po/fur/LC_MESSAGES/p11-kit.mo to /usr/share/locale/fur/LC_MESSAGES
Installing po/ga/LC_MESSAGES/p11-kit.mo to /usr/share/locale/ga/LC_MESSAGES
Installing po/gl/LC_MESSAGES/p11-kit.mo to /usr/share/locale/gl/LC_MESSAGES
Installing po/gu/LC_MESSAGES/p11-kit.mo to /usr/share/locale/gu/LC_MESSAGES
Installing po/he/LC_MESSAGES/p11-kit.mo to /usr/share/locale/he/LC_MESSAGES
Installing po/hi/LC_MESSAGES/p11-kit.mo to /usr/share/locale/hi/LC_MESSAGES
Installing po/hr/LC_MESSAGES/p11-kit.mo to /usr/share/locale/hr/LC_MESSAGES
Installing po/hu/LC_MESSAGES/p11-kit.mo to /usr/share/locale/hu/LC_MESSAGES
Installing po/ia/LC_MESSAGES/p11-kit.mo to /usr/share/locale/ia/LC_MESSAGES
Installing po/id/LC_MESSAGES/p11-kit.mo to /usr/share/locale/id/LC_MESSAGES
Installing po/it/LC_MESSAGES/p11-kit.mo to /usr/share/locale/it/LC_MESSAGES
Installing po/ja/LC_MESSAGES/p11-kit.mo to /usr/share/locale/ja/LC_MESSAGES
Installing po/ka/LC_MESSAGES/p11-kit.mo to /usr/share/locale/ka/LC_MESSAGES
Installing po/kk/LC_MESSAGES/p11-kit.mo to /usr/share/locale/kk/LC_MESSAGES
Installing po/kn/LC_MESSAGES/p11-kit.mo to /usr/share/locale/kn/LC_MESSAGES
Installing po/ko/LC_MESSAGES/p11-kit.mo to /usr/share/locale/ko/LC_MESSAGES
Installing po/lt/LC_MESSAGES/p11-kit.mo to /usr/share/locale/lt/LC_MESSAGES
Installing po/lv/LC_MESSAGES/p11-kit.mo to /usr/share/locale/lv/LC_MESSAGES
Installing po/ml/LC_MESSAGES/p11-kit.mo to /usr/share/locale/ml/LC_MESSAGES
Installing po/mr/LC_MESSAGES/p11-kit.mo to /usr/share/locale/mr/LC_MESSAGES
Installing po/ms/LC_MESSAGES/p11-kit.mo to /usr/share/locale/ms/LC_MESSAGES
Installing po/nb/LC_MESSAGES/p11-kit.mo to /usr/share/locale/nb/LC_MESSAGES
Installing po/nl/LC_MESSAGES/p11-kit.mo to /usr/share/locale/nl/LC_MESSAGES
Installing po/nn/LC_MESSAGES/p11-kit.mo to /usr/share/locale/nn/LC_MESSAGES
Installing po/oc/LC_MESSAGES/p11-kit.mo to /usr/share/locale/oc/LC_MESSAGES
Installing po/or/LC_MESSAGES/p11-kit.mo to /usr/share/locale/or/LC_MESSAGES
Installing po/pa/LC_MESSAGES/p11-kit.mo to /usr/share/locale/pa/LC_MESSAGES
Installing po/pl/LC_MESSAGES/p11-kit.mo to /usr/share/locale/pl/LC_MESSAGES
Installing po/pt/LC_MESSAGES/p11-kit.mo to /usr/share/locale/pt/LC_MESSAGES
Installing po/pt_BR/LC_MESSAGES/p11-kit.mo to /usr/share/locale/pt_BR/LC_MESSAGES
Installing po/ro/LC_MESSAGES/p11-kit.mo to /usr/share/locale/ro/LC_MESSAGES
Installing po/ru/LC_MESSAGES/p11-kit.mo to /usr/share/locale/ru/LC_MESSAGES
Installing po/si/LC_MESSAGES/p11-kit.mo to /usr/share/locale/si/LC_MESSAGES
Installing po/sk/LC_MESSAGES/p11-kit.mo to /usr/share/locale/sk/LC_MESSAGES
Installing po/sl/LC_MESSAGES/p11-kit.mo to /usr/share/locale/sl/LC_MESSAGES
Installing po/sq/LC_MESSAGES/p11-kit.mo to /usr/share/locale/sq/LC_MESSAGES
Installing po/sr/LC_MESSAGES/p11-kit.mo to /usr/share/locale/sr/LC_MESSAGES
Installing po/sr@latin/LC_MESSAGES/p11-kit.mo to /usr/share/locale/sr@latin/LC_MESSAGES
Installing po/sv/LC_MESSAGES/p11-kit.mo to /usr/share/locale/sv/LC_MESSAGES
Installing po/ta/LC_MESSAGES/p11-kit.mo to /usr/share/locale/ta/LC_MESSAGES
Installing po/te/LC_MESSAGES/p11-kit.mo to /usr/share/locale/te/LC_MESSAGES
Installing po/th/LC_MESSAGES/p11-kit.mo to /usr/share/locale/th/LC_MESSAGES
Installing po/tr/LC_MESSAGES/p11-kit.mo to /usr/share/locale/tr/LC_MESSAGES
Installing po/uk/LC_MESSAGES/p11-kit.mo to /usr/share/locale/uk/LC_MESSAGES
Installing po/vi/LC_MESSAGES/p11-kit.mo to /usr/share/locale/vi/LC_MESSAGES
Installing po/wa/LC_MESSAGES/p11-kit.mo to /usr/share/locale/wa/LC_MESSAGES
Installing po/zh_CN/LC_MESSAGES/p11-kit.mo to /usr/share/locale/zh_CN/LC_MESSAGES
Installing po/zh_HK/LC_MESSAGES/p11-kit.mo to /usr/share/locale/zh_HK/LC_MESSAGES
Installing po/zh_TW/LC_MESSAGES/p11-kit.mo to /usr/share/locale/zh_TW/LC_MESSAGES
Installing /tmp/LFS/BLFS/sources/p11-kit-0.25.5/common/pkcs11.h to /usr/include/p11-kit-1/p11-kit
Installing /tmp/LFS/BLFS/sources/p11-kit-0.25.5/common/pkcs11x.h to /usr/include/p11-kit-1/p11-kit
Installing /tmp/LFS/BLFS/sources/p11-kit-0.25.5/p11-kit/deprecated.h to /usr/include/p11-kit-1/p11-kit
Installing /tmp/LFS/BLFS/sources/p11-kit-0.25.5/p11-kit/iter.h to /usr/include/p11-kit-1/p11-kit
Installing /tmp/LFS/BLFS/sources/p11-kit-0.25.5/p11-kit/p11-kit.h to /usr/include/p11-kit-1/p11-kit
Installing /tmp/LFS/BLFS/sources/p11-kit-0.25.5/p11-kit/pin.h to /usr/include/p11-kit-1/p11-kit
Installing /tmp/LFS/BLFS/sources/p11-kit-0.25.5/p11-kit/remote.h to /usr/include/p11-kit-1/p11-kit
Installing /tmp/LFS/BLFS/sources/p11-kit-0.25.5/p11-kit/uri.h to /usr/include/p11-kit-1/p11-kit
Installing /tmp/LFS/BLFS/sources/p11-kit-0.25.5/build/p11-kit/version.h to /usr/include/p11-kit-1/p11-kit
Installing /tmp/LFS/BLFS/sources/p11-kit-0.25.5/build/p11-kit/p11-kit-server.service to /usr/lib/systemd/user
Installing /tmp/LFS/BLFS/sources/p11-kit-0.25.5/p11-kit/p11-kit-server.socket to /usr/lib/systemd/user
Installing /tmp/LFS/BLFS/sources/p11-kit-0.25.5/build/meson-private/p11-kit-1.pc to /usr/lib/pkgconfig
Installing /tmp/LFS/BLFS/sources/p11-kit-0.25.5/build/p11-kit/pkcs11.conf.example to /etc/pkcs11
Installing /tmp/LFS/BLFS/sources/p11-kit-0.25.5/trust/p11-kit-trust.module to /usr/share/p11-kit/modules
Installing /tmp/LFS/BLFS/sources/p11-kit-0.25.5/trust/trust-extract-compat to /usr/libexec/p11-kit
Installing /tmp/LFS/BLFS/sources/p11-kit-0.25.5/bash-completion/p11-kit to /usr/share/bash-completion/completions
Installing /tmp/LFS/BLFS/sources/p11-kit-0.25.5/bash-completion/trust to /usr/share/bash-completion/completions
Installing symlink pointing to libp11-kit.so.0.4.1 to /usr/lib/libp11-kit.so.0
Installing symlink pointing to libp11-kit.so.0 to /usr/lib/libp11-kit.so
Running custom install script '/tmp/LFS/BLFS/sources/p11-kit-0.25.5/p11-kit/meson_post_install.sh lib share/p11-kit/modules'
