checking for a BSD-compatible install... /usr/bin/install -c
checking whether sleep supports fractional seconds... yes
checking filesystem timestamp resolution... 0.01
checking whether build environment is sane... yes
checking for a race-free mkdir -p... /usr/bin/mkdir -p
checking for gawk... gawk
checking whether make sets $(MAKE)... yes
checking whether make supports nested variables... yes
checking xargs -n works... yes
checking whether to enable maintainer-specific portions of Makefiles... no
checking for gcc... gcc
checking whether the C compiler works... yes
checking for C compiler default output file name... a.out
checking for suffix of executables... 
checking whether we are cross compiling... no
checking for suffix of object files... o
checking whether the compiler supports GNU C... yes
checking whether gcc accepts -g... yes
checking for gcc option to enable C11 features... none needed
checking whether gcc understands -c and -o together... yes
checking whether make supports the include directive... yes (GNU style)
checking dependency style of gcc... gcc3
checking for g++... g++
checking whether the compiler supports GNU C++... yes
checking whether g++ accepts -g... yes
checking for g++ option to enable C++11 features... none needed
checking dependency style of g++... gcc3
checking how to run the C++ preprocessor... g++ -E
checking build system type... x86_64-pc-linux-gnu
checking host system type... x86_64-pc-linux-gnu
checking how to run the C preprocessor... gcc -E
checking for egrep -e... /usr/bin/grep -E
checking whether C++ compiler accepts -ferror-limit=2... no
checking whether C++ compiler accepts -fmax-errors=2... yes
checking for xmalloc in -liberty... no
checking for library containing GetProfilesDirectoryA... no
checking for stdio.h... yes
checking for stdlib.h... yes
checking for string.h... yes
checking for inttypes.h... yes
checking for stdint.h... yes
checking for strings.h... yes
checking for sys/stat.h... yes
checking for sys/types.h... yes
checking for unistd.h... yes
checking for unistd.h... (cached) yes
checking for string.h... (cached) yes
checking for libiberty.h... no
checking whether stat file-mode macros are broken... no
checking for an ANSI C-conforming const... yes
checking for size_t... yes
checking for uid_t... yes
checking for gid_t... yes
checking type of array argument to getgroups... gid_t
checking for strchr... yes
checking for memcpy... yes
checking for getopt_long... yes
checking for getcwd... yes
checking for getwd... yes
checking for sysconf... yes
checking for getgroups... yes
checking for eaccess... yes
checking for gcc option to enable large file support... none needed
checking for ar... ar
checking for ranlib... ranlib
checking for stdlib.h... (cached) yes
checking for memory.h... yes
checking for pwd.h... yes
checking for strings.h... (cached) yes
checking for getpwent... yes
checking for getpwnam... yes
checking for getpwuid... yes
checking whether getpw functions are declared in pwd.h... yes
checking that generated files are newer than configure... done
configure: creating ./config.status
config.status: creating maintMakefile
config.status: creating Makefile
config.status: creating config.h
config.status: executing depfiles commands
make  all-recursive
make[1]: ディレクトリ '/tmp/LFS/BLFS/sources/which-2.23' に入ります
Making all in .
make[2]: ディレクトリ '/tmp/LFS/BLFS/sources/which-2.23' に入ります
depbase=`echo getopt.o | sed 's|[^/]*$|.deps/&|;s|\.o$||'`;\
gcc -DHAVE_CONFIG_H -I.     -g -O2 -MT getopt.o -MD -MP -MF $depbase.Tpo -c -o getopt.o getopt.c &&\
mv -f $depbase.Tpo $depbase.Po
depbase=`echo getopt1.o | sed 's|[^/]*$|.deps/&|;s|\.o$||'`;\
gcc -DHAVE_CONFIG_H -I.     -g -O2 -MT getopt1.o -MD -MP -MF $depbase.Tpo -c -o getopt1.o getopt1.c &&\
mv -f $depbase.Tpo $depbase.Po
depbase=`echo bash.o | sed 's|[^/]*$|.deps/&|;s|\.o$||'`;\
gcc -DHAVE_CONFIG_H -I.     -g -O2 -MT bash.o -MD -MP -MF $depbase.Tpo -c -o bash.o bash.c &&\
mv -f $depbase.Tpo $depbase.Po
depbase=`echo which.o | sed 's|[^/]*$|.deps/&|;s|\.o$||'`;\
gcc -DHAVE_CONFIG_H -I.     -g -O2 -MT which.o -MD -MP -MF $depbase.Tpo -c -o which.o which.c &&\
mv -f $depbase.Tpo $depbase.Po
depbase=`echo tilde.o | sed 's|[^/]*$|.deps/&|;s|\.o$||'`;\
gcc -DHAVE_CONFIG_H -I.     -g -O2 -MT tilde.o -MD -MP -MF $depbase.Tpo -c -o tilde.o tilde.c &&\
mv -f $depbase.Tpo $depbase.Po
gcc  -g -O2   -o which getopt.o getopt1.o bash.o which.o tilde.o  
make[2]: ディレクトリ '/tmp/LFS/BLFS/sources/which-2.23' から出ます
make[1]: ディレクトリ '/tmp/LFS/BLFS/sources/which-2.23' から出ます
make  install-recursive
make[1]: ディレクトリ '/tmp/LFS/BLFS/sources/which-2.23' に入ります
Making install in .
make[2]: ディレクトリ '/tmp/LFS/BLFS/sources/which-2.23' に入ります
make[3]: ディレクトリ '/tmp/LFS/BLFS/sources/which-2.23' に入ります
 /usr/bin/mkdir -p '/usr/share/man/man1'
 /usr/bin/mkdir -p '/usr/share/info'
 /usr/bin/mkdir -p '/usr/bin'
  /usr/bin/install -c which '/usr/bin'
 /usr/bin/install -c -m 644 which.1 '/usr/share/man/man1'
 /usr/bin/install -c -m 644 ./which.info '/usr/share/info'
 install-info --info-dir='/usr/share/info' '/usr/share/info/which.info'
make[3]: ディレクトリ '/tmp/LFS/BLFS/sources/which-2.23' から出ます
make[2]: ディレクトリ '/tmp/LFS/BLFS/sources/which-2.23' から出ます
make[1]: ディレクトリ '/tmp/LFS/BLFS/sources/which-2.23' から出ます
